[bananacateth.fun/index.html]
[backblue.gif]
[fade.gif]
[index.html]
[static.tildacdn.com/tild3533-6231-4963-a333-393861666463/photo_50283840422942.jpg]
[neo.tildacdn.com/js/tilda-fallback-1.0.min.js]
[static.tildacdn.com/css/tilda-grid-3.0.min.css]
[bananacateth.fun/tilda-blocks-page40570920.mina686.css]
[static.tildacdn.com/css/tilda-animation-2.0.min.css]
[static.tildacdn.com/js/tilda-polyfill-1.0.min.js]
[static.tildacdn.com/js/tilda-scripts-3.0.min.js]
[bananacateth.fun/tilda-blocks-page40570920.mina686.js]
[static.tildacdn.com/js/tilda-lazyload-1.0.min.js]
[static.tildacdn.com/js/tilda-animation-2.0.min.js]
[static.tildacdn.com/js/tilda-zero-1.1.min.js]
[static.tildacdn.com/js/tilda-animation-sbs-1.0.min.js]
[static.tildacdn.com/js/tilda-zero-scale-1.0.min.js]
[static.tildacdn.com/js/tilda-events-1.0.min.js]
[static.tildacdn.com/tild6439-3436-4666-a463-663564623130/-/resize/20x/pngwingcom_59.png]
[bananacateth.fun/index.html]
[static.tildacdn.com/css/tilda-grid-3.0.min.css]
[bananacateth.fun/tilda-blocks-page40570920.mina686.css]
[static.tildacdn.com/css/tilda-animation-2.0.min.css]
[bananacateth.fun/OPR/index.html]
[static.tildacdn.com/js/tilda-stat-1.0.min.js]
